// Jest Snapshot v1, https://goo.gl/fbAQLP

exports[`MyLocations renders correctly 1`] = `
<div>
  <div
    className="Header"
  >
    <img
      alt="Eric Bishard"
      src="images/ebishard.png"
    />
  </div>
  <div />
  <div
    className="MapBox"
  >
    <img
      alt={undefined}
      src="images/none.png"
    />
  </div>
</div>
`;
